
[1m[46m RUN [49m[22m [36mv4.0.14 [39m[90mC:/Proyectos/NiceGrow/Growen/frontend[39m

 [32m✓[39m src/__tests__/MassCanonicalContext.test.tsx [2m([22m[2m15 tests[22m[2m)[22m[32m 95[2mms[22m[39m

[2m Test Files [22m [1m[32m1 passed[39m[22m[90m (1)[39m
[2m      Tests [22m [1m[32m15 passed[39m[22m[90m (15)[39m
[2m   Start at [22m 12:13:06
[2m   Duration [22m 2.87s[2m (transform 304ms, setup 462ms, import 231ms, tests 95ms, environment 1.65s)[22m

