============================= test session starts =============================
platform win32 -- Python 3.11.9, pytest-8.4.2, pluggy-1.6.0 -- C:\Users\alete\AppData\Local\Programs\Python\Python311\python.exe
cachedir: .pytest_cache
rootdir: C:\Proyectos\NiceGrow\Growen
configfile: pytest.ini
plugins: anyio-4.10.0, asyncio-1.2.0, respx-0.22.0
asyncio: mode=Mode.STRICT, debug=False, asyncio_default_fixture_loop_scope=None, asyncio_default_test_loop_scope=function
collecting ... collected 1 item

mcp_servers/products_server/tests/test_server.py::test_verify_token_valid PASSED [100%]

============================== 1 passed in 0.43s ==============================
